---
source: utoipa-gen/tests/path_derive.rs
expression: parameters
snapshot_kind: text
---
[
  {
    "in": "query",
    "name": "vecDefault",
    "required": false,
    "schema": {
      "items": {
        "type": "string"
      },
      "type": "array"
    }
  }
]
