---
source: utoipa-gen/tests/path_derive.rs
expression: "&schemas"
snapshot_kind: text
---
{
  "Account": {
    "properties": {
      "id": {
        "format": "int32",
        "type": "integer"
      }
    },
    "required": [
      "id"
    ],
    "type": "object"
  }
}
