---
source: utoipa-gen/tests/request_body_derive_test.rs
expression: request_body
snapshot_kind: text
---
{
  "content": {
    "text/xml": {
      "schema": {
        "$ref": "#/components/schemas/Foo"
      }
    }
  },
  "description": "Create new Foo",
  "required": true
}
