---
source: utoipa-gen/tests/schema_derive_test.rs
expression: value
snapshot_kind: text
---
{
  "oneOf": [
    {
      "format": "int32",
      "type": "integer"
    },
    {
      "$ref": "#/components/schemas/Foo"
    }
  ]
}
