---
source: utoipa-gen/tests/schema_derive_test.rs
expression: value
snapshot_kind: text
---
{
  "description": "This is description from include_str!\n",
  "enum": [
    "Value1"
  ],
  "type": "string"
}
