---
source: utoipa-gen/tests/schema_derive_test.rs
expression: value
snapshot_kind: text
---
{
  "oneOf": [
    {
      "allOf": [
        {
          "$ref": "#/components/schemas/Foo"
        },
        {
          "properties": {
            "tag": {
              "enum": [
                "One"
              ],
              "type": "string"
            }
          },
          "required": [
            "tag"
          ],
          "type": "object"
        }
      ]
    }
  ]
}
