---
source: utoipa-gen/tests/schema_derive_test.rs
expression: doc
snapshot_kind: text
---
{
  "examples": [
    "kim",
    "jim"
  ],
  "type": "string"
}
